<?xml version="1.0" encoding="UTF-8"?>
<TestRun id="2add9770-c5ca-4e16-af2f-9f7e1ffbf7b9" name="fabio.perrella@TECNOLOGIA26 2009-05-15 14:19:18" runUser="FABRICA\fabio.perrella" xmlns="http://microsoft.com/schemas/VisualStudio/TeamTest/2006">
  <TestRunConfiguration name="Local Test Run" id="39b89ef3-e02e-452d-915a-0f4406de2e89">
    <Description>This is a default test run configuration for a local test run.</Description>
    <Deployment runDeploymentRoot="C:\Documents and Settings\fabio.perrella\My Documents\workspace\EmailmktExemplosApi\c#\EmailMarketingApi\TestResults\fabio.perrella_TECNOLOGIA26 2009-05-15 14_19_18">
      <DeploymentItem filename="C:\Documents and Settings\fabio.perrella\My Documents\workspace\EmailmktExemplosApi\c#\EmailMarketingApi\bin\Release\EmailMarketingApi.exe" />
    </Deployment>
    <TestTypeSpecific />
  </TestRunConfiguration>
  <ResultSummary outcome="Inconclusive">
    <Counters total="1" executed="1" error="0" failed="0" timeout="0" aborted="0" inconclusive="1" passedButRunAborted="0" notRunnable="0" notExecuted="0" disconnected="0" warning="0" passed="0" completed="0" inProgress="0" pending="0" />
  </ResultSummary>
  <Times creation="2009-05-15T14:19:18.2148844-03:00" queuing="2009-05-15T14:19:23.2618563-03:00" start="2009-05-15T14:19:23.8087418-03:00" finish="2009-05-15T14:19:26.3244151-03:00" />
  <TestDefinitions>
    <UnitTest name="convertJsonToObjectTest" storage="c:\documents and settings\fabio.perrella\my documents\workspace\emailmktexemplosapi\c#\emailmarketingapi\emailmarketingapitests\bin\release\emailmarketingapitests.dll" id="ec4552dd-f5c9-17b7-ff96-2fec785201b4">
      <Css projectStructure="" iteration="" />
      <Owners>
        <Owner name="" />
      </Owners>
      <Execution id="0238433a-4c11-4a63-a5da-e95dcfbeaa2a" />
      <TestMethod codeBase="C:\Documents and Settings\fabio.perrella\My Documents\workspace\EmailmktExemplosApi\c#\EmailMarketingApi\EmailMarketingApiTests\bin\Release\EmailMarketingApiTests.dll" adapterTypeName="Microsoft.VisualStudio.TestTools.TestTypes.Unit.UnitTestAdapter, Microsoft.VisualStudio.QualityTools.Tips.UnitTest.Adapter, Version=9.0.0.0, Culture=neutral, PublicKeyToken=b03f5f7f11d50a3a" className="EmailMarketingApiTests.EmktCoreTest, EmailMarketingApiTests" name="convertJsonToObjectTest" />
    </UnitTest>
  </TestDefinitions>
  <TestLists>
    <TestList name="Results Not in a List" id="8c84fa94-04c1-424b-9868-57a2d4851a1d" />
    <TestList name="All Loaded Results" id="19431567-8539-422a-85d7-44ee4e166bda" />
  </TestLists>
  <TestEntries>
    <TestEntry testId="ec4552dd-f5c9-17b7-ff96-2fec785201b4" executionId="0238433a-4c11-4a63-a5da-e95dcfbeaa2a" testListId="8c84fa94-04c1-424b-9868-57a2d4851a1d" />
  </TestEntries>
  <Results>
    <UnitTestResult executionId="0238433a-4c11-4a63-a5da-e95dcfbeaa2a" testId="ec4552dd-f5c9-17b7-ff96-2fec785201b4" testName="convertJsonToObjectTest" computerName="TECNOLOGIA26" duration="00:00:01.6636246" startTime="2009-05-15T14:19:23.8868683-03:00" endTime="2009-05-15T14:19:26.2619139-03:00" testType="13cdc9d9-ddb5-4fa4-a97d-d965ccfc6d4b" outcome="Inconclusive" testListId="8c84fa94-04c1-424b-9868-57a2d4851a1d">
      <Output>
        <ErrorInfo>
          <Message>Assert.Inconclusive failed. Verify the correctness of this test method.</Message>
          <StackTrace>   at EmailMarketingApiTests.EmktCoreTest.convertJsonToObjectTest() in C:\Documents and Settings\fabio.perrella\My Documents\workspace\EmailmktExemplosApi\c#\EmailMarketingApi\EmailMarketingApiTests\EmktCoreTest.cs:line 79
</StackTrace>
        </ErrorInfo>
      </Output>
    </UnitTestResult>
  </Results>
</TestRun>